// Jest Snapshot v1, https://goo.gl/fbAQLP

exports[`password input should render a password input without quality bar (using Enzyme) 1`] = `"<div style=\\"position:relative;margin-bottom:1em\\"><div style=\\"margin-bottom:1em\\"><label for=\\"password\\" style=\\"display:block;margin-bottom:.5em\\">Password<span style=\\"color:red\\">*</span></label><span style=\\"position:relative;display:inline-block;vertical-align:middle\\"><input id=\\"password\\" type=\\"password\\" placeholder=\\"Enter password\\" minLength=\\"8\\" maxLength=\\"20\\" required=\\"\\" style=\\"line-height:1.5;padding-right:1.5em;padding-left:.5em\\" autoComplete=\\"current-password\\" value=\\"gj32o5hasd\\"/></span></div><span class=\\"password-visibility-toggle\\" style=\\"position:absolute;display:inline-flex\\"><svg width=\\"16\\" height=\\"16\\" xmlns=\\"http://www.w3.org/2000/svg\\" viewBox=\\"0 0 22 22\\"><g transform=\\"matrix(.02146 0 0 .02146 1 1)\\" fill=\\"#4d4d4d\\"><path d=\\"m466.07 161.53c-205.6 0-382.8 121.2-464.2 296.1-2.5 5.3-2.5 11.5 0 16.9 81.4 174.9 258.6 296.1 464.2 296.1 205.6 0 382.8-121.2 464.2-296.1 2.5-5.3 2.5-11.5 0-16.9-81.4-174.9-258.6-296.1-464.2-296.1m0 514.7c-116.1 0-210.1-94.1-210.1-210.1 0-116.1 94.1-210.1 210.1-210.1 116.1 0 210.1 94.1 210.1 210.1 0 116-94.1 210.1-210.1 210.1\\"></path><circle cx=\\"466.08\\" cy=\\"466.02\\" r=\\"134.5\\"></circle></g></svg></span></div>"`;

exports[`password input should render a password input without quality bar (using test-renderer) 1`] = `
<div
  style={
    Object {
      "marginBottom": "1em",
      "position": "relative",
    }
  }
>
  <div
    style={
      Object {
        "marginBottom": "1em",
      }
    }
  >
    <label
      htmlFor="password"
      style={
        Object {
          "color": "",
          "display": "block",
          "marginBottom": ".5em",
        }
      }
    >
      Password
      <span
        style={
          Object {
            "color": "red",
          }
        }
      >
        *
      </span>
    </label>
    <span
      style={
        Object {
          "display": "inline-block",
          "position": "relative",
          "verticalAlign": "middle",
        }
      }
    >
      <input
        autoComplete="current-password"
        id="password"
        maxLength="20"
        minLength="8"
        onBlur={[Function]}
        onChange={[MockFunction]}
        placeholder="Enter password"
        required={true}
        style={
          Object {
            "borderColor": "",
            "lineHeight": 1.5,
            "paddingLeft": ".5em",
            "paddingRight": "1.5em",
          }
        }
        type="password"
        value="gj32o5hasd"
      />
    </span>
  </div>
  <span
    className="password-visibility-toggle"
    onClick={[Function]}
    style={
      Object {
        "display": "inline-flex",
        "position": "absolute",
      }
    }
  >
    <svg
      height="16"
      viewBox="0 0 22 22"
      width="16"
      xmlns="http://www.w3.org/2000/svg"
    >
      <g
        fill="#4d4d4d"
        transform="matrix(.02146 0 0 .02146 1 1)"
      >
        <path
          d="m466.07 161.53c-205.6 0-382.8 121.2-464.2 296.1-2.5 5.3-2.5 11.5 0 16.9 81.4 174.9 258.6 296.1 464.2 296.1 205.6 0 382.8-121.2 464.2-296.1 2.5-5.3 2.5-11.5 0-16.9-81.4-174.9-258.6-296.1-464.2-296.1m0 514.7c-116.1 0-210.1-94.1-210.1-210.1 0-116.1 94.1-210.1 210.1-210.1 116.1 0 210.1 94.1 210.1 210.1 0 116-94.1 210.1-210.1 210.1"
        />
        <circle
          cx="466.08"
          cy="466.02"
          r="134.5"
        />
      </g>
    </svg>
  </span>
</div>
`;
